// Jest Snapshot v1, https://goo.gl/fbAQLP

exports[`Snapshot test Testing Product 1`] = `
<div
  className="main"
>
  <div
    className="card"
  >
    <img
      alt="3M 9004IN Particle Respirator Mask"
      src="https://i.ibb.co/8BJhgK2/r6xkegcloxgn5eq8owwg.jpg"
    />
    <hr />
    <div>
      <h3>
        3M 9004IN Particle Respirator Mask
      </h3>
      <h3>
        Rs.
        180
      </h3>
    </div>
  </div>
  <div
    className="card"
  >
    <img
      alt="Vogmask Vector Havoc N99CV Mask Large"
      src="https://i.ibb.co/fHQ8JY4/kclatp7d9dt0dwgu4zkq.jpg"
    />
    <hr />
    <div>
      <h3>
        Vogmask Vector Havoc N99CV Mask Large
      </h3>
      <h3>
        Rs.
        200
      </h3>
    </div>
  </div>
</div>
`;
